[1] [1mTests:       [22m[1m[32m44 passed[39m[22m, 44 total :: apps/backend/src/domains/store/invoicing/providers/dian-direct/xml/dian-totals.validator.spec.ts
[2] [1mTests:       [22m[1m[32m25 passed[39m[22m, 25 total :: apps/backend/src/domains/store/invoicing/providers/dian-direct/xml/ubl-anexo-fas-aiu-sweep.spec.ts
[3] [1mTests:       [22m[1m[32m8 passed[39m[22m, 8 total :: apps/backend/src/domains/store/invoicing/providers/dian-direct/xml/ubl-application-response.builder.spec.ts
[4] [1mTests:       [22m[1m[32m9 passed[39m[22m, 9 total :: apps/backend/src/domains/store/invoicing/providers/dian-direct/xml/ubl-attached-document.builder.spec.ts
[5] [1mTests:       [22m[1m[32m28 passed[39m[22m, 28 total :: apps/backend/src/domains/store/invoicing/providers/dian-direct/xml/ubl-common.builder.spec.ts
[6] [1mTests:       [22m[1m[32m14 passed[39m[22m, 14 total :: apps/backend/src/domains/store/invoicing/providers/dian-direct/xml/ubl-credit-note.builder.spec.ts
[7] [1mTests:       [22m[1m[32m17 passed[39m[22m, 17 total :: apps/backend/src/domains/store/invoicing/providers/dian-direct/xml/ubl-debit-note.builder.spec.ts
[8] [1mTests:       [22m[1m[32m10 passed[39m[22m, 10 total :: apps/backend/src/domains/store/invoicing/providers/dian-direct/xml/ubl-equivalent-document.builder.spec.ts
[9] [1mTests:       [22m[1m[32m10 passed[39m[22m, 10 total :: apps/backend/src/domains/store/invoicing/providers/dian-direct/xml/ubl-fau04-header-line-agreement.spec.ts
[10] [1mTests:       [22m[1m[32m16 passed[39m[22m, 16 total :: apps/backend/src/domains/store/invoicing/providers/dian-direct/xml/ubl-monetary-total.builder.spec.ts
[11] [1mTests:       [22m[1m[32m25 passed[39m[22m, 25 total :: apps/backend/src/domains/store/invoicing/providers/dian-direct/xml/ubl-structure.validator.spec.ts
[12] [1mTests:       [22m[1m[32m3 passed[39m[22m, 3 total :: apps/backend/src/domains/store/invoicing/providers/dian-direct/xml/ubl-support-document.builder.spec.ts
[13] [1mTests:       [22m[1m[32m7 passed[39m[22m, 7 total :: apps/backend/src/domains/store/invoicing/providers/dian-direct/xml/ubl-unit-code.builder.spec.ts
[14] [1mTests:       [22m[1m[32m8 passed[39m[22m, 8 total :: apps/backend/src/domains/store/invoicing/validators/acquirer-rail.resolver.spec.ts
[15] [1mTests:       [22m[1m[32m60 passed[39m[22m, 60 total :: apps/backend/src/domains/store/invoicing/validators/customer-fiscal-identity.validator.spec.ts
[16] [1mTests:       [22m[1m[32m278 passed[39m[22m, 278 total :: apps/backend/src/domains/store/invoicing/validators/fiscal-document.validator.spec.ts
[17] [1mTests:       [22m[1m[32m11 passed[39m[22m, 11 total :: apps/backend/src/domains/store/print-formats/providers/document-number-format.spec.ts
[18] [1mTests:       [22m[1m[32m34 passed[39m[22m, 34 total :: apps/backend/src/domains/store/print-formats/providers/real-print-path.spec.ts
[19] [1mTests:       [22m[1m[31m2 failed[39m[22m, [1m[32m5 passed[39m[22m, 7 total :: apps/backend/src/domains/store/taxes/taxes-calculate-product-taxes.regression.spec.ts
[20] [1mTests:       [22m[1m[32m32 passed[39m[22m, 32 total :: apps/backend/src/domains/store/taxes/utils/tax-inclusive-math.regression.spec.ts
[21] [1mTests:       [22m[1m[32m41 passed[39m[22m, 41 total :: apps/backend/src/domains/store/taxes/utils/tax-inclusive-mirror.parity.spec.ts
[22] [1mTests:       [22m[1m[32m16 passed[39m[22m, 16 total :: apps/backend/src/domains/store/invoicing/aiu-line-taxable.parity.spec.ts
[23] [1mTests:       [22m[1m[32m6 passed[39m[22m, 6 total :: apps/backend/src/domains/store/invoicing/credit-notes/credit-notes.b1-partial-kernel.spec.ts
[24] [1mTests:       [22m[1m[32m34 passed[39m[22m, 34 total :: apps/backend/src/domains/store/invoicing/fiscal-document-requirements.spec.ts
[25] [1mTests:       [22m[1m[32m20 passed[39m[22m, 20 total :: apps/backend/src/domains/store/invoicing/invoice-flow/invoice-flow.aiu-emission-gates.spec.ts
[26] [1mTests:       [22m[1m[32m5 passed[39m[22m, 5 total :: apps/backend/src/domains/store/invoicing/invoice-flow/invoice-flow.aiu-regime.spec.ts
[27] [1mTests:       [22m[1m[32m11 passed[39m[22m, 11 total :: apps/backend/src/domains/store/invoicing/invoice-flow/invoice-flow.b1-draft-gate.spec.ts
[28] [1mTests:       [22m[1m[32m6 passed[39m[22m, 6 total :: apps/backend/src/domains/store/invoicing/invoice-flow/invoice-flow.equivalent-document.spec.ts
[29] [1mTests:       [22m[1m[32m15 passed[39m[22m, 15 total :: apps/backend/src/domains/store/invoicing/invoice-flow/invoice-flow.line-taxes.spec.ts
[30] [1mTests:       [22m[1m[32m12 passed[39m[22m, 12 total :: apps/backend/src/domains/store/invoicing/invoice-flow/invoice-flow.service.spec.ts
[31] [1mTests:       [22m[1m[32m15 passed[39m[22m, 15 total :: apps/backend/src/domains/store/invoicing/invoice-flow/invoice-flow.unit-code.spec.ts
[32] [1mTests:       [22m[1m[32m4 passed[39m[22m, 4 total :: apps/backend/src/domains/store/invoicing/invoicing.b1-gate-correlation.spec.ts
[33] [1mTests:       [22m[1m[32m4 passed[39m[22m, 4 total :: apps/backend/src/domains/store/invoicing/invoicing.service.aiu-contrato-exclusivity.spec.ts
[34] [1mTests:       [22m[1m[32m11 passed[39m[22m, 11 total :: apps/backend/src/domains/store/invoicing/invoicing.service.aiu-document-overrides.spec.ts
[35] [1mTests:       [22m[1m[32m11 passed[39m[22m, 11 total :: apps/backend/src/domains/store/invoicing/invoicing.service.aiu-matrix.spec.ts
[36] [1mTests:       [22m[1m[32m8 passed[39m[22m, 8 total :: apps/backend/src/domains/store/invoicing/invoicing.service.calculator-wiring.spec.ts
[37] [1mTests:       [22m[1m[32m7 passed[39m[22m, 7 total :: apps/backend/src/domains/store/invoicing/invoicing.service.contract-filter.spec.ts
[38] [1mTests:       [22m[1m[32m14 passed[39m[22m, 14 total :: apps/backend/src/domains/store/invoicing/invoicing.service.contract-invoice.spec.ts
[39] [1mTests:       [22m[1m[32m5 passed[39m[22m, 5 total :: apps/backend/src/domains/store/invoicing/invoicing.service.draft-resolution-peek.spec.ts
[40] [1mTests:       [22m[1m[32m12 passed[39m[22m, 12 total :: apps/backend/src/domains/store/invoicing/invoicing.service.line-taxes.spec.ts
[41] [1mTests:       [22m[1m[32m8 passed[39m[22m, 8 total :: apps/backend/src/domains/store/invoicing/invoicing.service.spec.ts
[42] [1mTests:       [22m[1m[32m36 passed[39m[22m, 36 total :: apps/backend/src/domains/store/invoicing/invoicing.service.tax-matrix.spec.ts
[43] [1mTests:       [22m[1m[32m3 passed[39m[22m, 3 total :: apps/backend/src/domains/store/invoicing/invoicing.service.unclosed-residual.spec.ts
[44] [1mTests:       [22m[1m[32m14 passed[39m[22m, 14 total :: apps/backend/src/domains/store/invoicing/services/dian-events.service.spec.ts
[45] [1mTests:       [22m[1m[32m7 passed[39m[22m, 7 total :: apps/backend/src/domains/store/invoicing/services/fiscal-transmission-ledger.service.spec.ts
[46] [1mTests:       [22m[1m[32m5 passed[39m[22m, 5 total :: apps/backend/src/domains/store/invoicing/services/invoice-calculator-aiu-contrato-pinning.spec.ts
[47] [1mTests:       [22m[1m[32m115 passed[39m[22m, 115 total :: apps/backend/src/domains/store/invoicing/services/invoice-calculator.service.spec.ts
[48] [1mTests:       [22m[1m[32m9 passed[39m[22m, 9 total :: apps/backend/src/domains/store/invoicing/services/invoice-emission-gate.service.spec.ts
[49] [1mTests:       [22m[1m[32m4 passed[39m[22m, 4 total :: apps/backend/src/domains/store/invoicing/services/invoice-pdf.service.spec.ts
[50] [1mTests:       [22m[1m[32m6 passed[39m[22m, 6 total :: apps/backend/src/domains/store/invoicing/services/invoice-retry.listener.spec.ts
[51] [1mTests:       [22m[1m[32m11 passed[39m[22m, 11 total :: apps/backend/src/domains/store/invoicing/services/invoice-tax-inheritance.regression.spec.ts
[52] [1mTests:       [22m[1m[32m13 passed[39m[22m, 13 total :: apps/backend/src/domains/store/invoicing/services/trm.service.spec.ts
[53] [1mTests:       [22m[1m[32m33 passed[39m[22m, 33 total :: apps/backend/src/domains/store/invoicing/utils/dian-money-absorb-kernel.spec.ts
[54] [1mTests:       [22m[1m[32m5 passed[39m[22m, 5 total :: apps/backend/src/common/interfaces/tax-breakdown.b1-scale.spec.ts
